
> vite_react_shadcn_ts@0.0.0 build
> vite build

[36mvite v4.5.14 [32mbuilding for production...[36m[39m
transforming...
node.exe : Browserslist: 
browsers data (caniuse-lite) 
is 8 months old. Please run:
At line:1 char:1
+ & "C:\Program 
Files\nodejs/node.exe" "C:\Us
ers\Falcon\AppData\Roaming 
...
+ ~~~~~~~~~~~~~~~~~~~~~~~~~~~
~~~~~~~~~~~~~~~~~~~~~~~~~~~~~
~~~~~~~~~~~~~
    + CategoryInfo           
   : NotSpecified: (Browser  
  slist: b...ld. Please ru   
 n::String) [], RemoteExc    
eption
    + FullyQualifiedErrorId  
   : NativeCommandError
 
  npx 
update-browserslist-db@latest
  Why you should do it 
regularly: https://github.com
/browserslist/update-db#readm
e
[32mΓ£ô[39m 2550 modules transformed.
rendering chunks...
computing gzip size...
[2mdist/[22m[32mindex.html                        [39m[1m[2m  2.73 kB[22m[1m[22m[2m Γöé gzip:  0.87 kB[22m
[2mdist/[22m[35massets/index-4f64cc1d.css         [39m[1m[2m 81.06 kB[22m[1m[22m[2m Γöé gzip: 13.97 kB[22m
[2mdist/[22m[36massets/skeleton-d3990666.js       [39m[1m[2m  0.21 kB[22m[1m[22m[2m Γöé gzip:  0.17 kB[22m
[2mdist/[22m[36massets/bookmark-8d915744.js       [39m[1m[2m  0.33 kB[22m[1m[22m[2m Γöé gzip:  0.26 kB[22m
[2mdist/[22m[36massets/arrow-left-a15c0aed.js     [39m[1m[2m  0.33 kB[22m[1m[22m[2m Γöé gzip:  0.26 kB[22m
[2mdist/[22m[36massets/clock-5b9340e8.js          [39m[1m[2m  0.35 kB[22m[1m[22m[2m Γöé gzip:  0.27 kB[22m
[2mdist/[22m[36massets/briefcase-ad07b251.js      [39m[1m[2m  0.39 kB[22m[1m[22m[2m Γöé gzip:  0.30 kB[22m
[2mdist/[22m[36massets/map-pin-c98eb97a.js        [39m[1m[2m  0.42 kB[22m[1m[22m[2m Γöé gzip:  0.32 kB[22m
[2mdist/[22m[36massets/calendar-0949e0a1.js       [39m[1m[2m  0.43 kB[22m[1m[22m[2m Γöé gzip:  0.30 kB[22m
[2mdist/[22m[36massets/upload-6d6f735e.js         [39m[1m[2m  0.43 kB[22m[1m[22m[2m Γöé gzip:  0.32 kB[22m
[2mdist/[22m[36massets/users-19d3787b.js          [39m[1m[2m  0.47 kB[22m[1m[22m[2m Γöé gzip:  0.32 kB[22m
[2mdist/[22m[36massets/textarea-be5dff8d.js       [39m[1m[2m  0.54 kB[22m[1m[22m[2m Γöé gzip:  0.34 kB[22m
[2mdist/[22m[36massets/volume-x-e16fc9c9.js       [39m[1m[2m  0.56 kB[22m[1m[22m[2m Γöé gzip:  0.38 kB[22m
[2mdist/[22m[36massets/input-e85e222b.js          [39m[1m[2m  0.65 kB[22m[1m[22m[2m Γöé gzip:  0.38 kB[22m
[2mdist/[22m[36massets/label-e6fbaee0.js          [39m[1m[2m  0.65 kB[22m[1m[22m[2m Γöé gzip:  0.41 kB[22m
[2mdist/[22m[36massets/NotFound-98593bf5.js       [39m[1m[2m  0.89 kB[22m[1m[22m[2m Γöé gzip:  0.47 kB[22m
[2mdist/[22m[36massets/eye-97972332.js            [39m[1m[2m  0.97 kB[22m[1m[22m[2m Γöé gzip:  0.45 kB[22m
[2mdist/[22m[36massets/SectionHeader-769a4e4f.js  [39m[1m[2m  1.04 kB[22m[1m[22m[2m Γöé gzip:  0.63 kB[22m
[2mdist/[22m[36massets/useArticles-18c150bf.js    [39m[1m[2m  1.45 kB[22m[1m[22m[2m Γöé gzip:  0.54 kB[22m
[2mdist/[22m[36massets/useEvents-e06aa6e0.js      [39m[1m[2m  1.48 kB[22m[1m[22m[2m Γöé gzip:  0.56 kB[22m
[2mdist/[22m[36massets/useBusinesses-1a00cc13.js  [39m[1m[2m  2.72 kB[22m[1m[22m[2m Γöé gzip:  1.02 kB[22m
[2mdist/[22m[36massets/useJobs-b6918524.js        [39m[1m[2m  3.78 kB[22m[1m[22m[2m Γöé gzip:  1.17 kB[22m
[2mdist/[22m[36massets/News-6b753b7e.js           [39m[1m[2m  4.23 kB[22m[1m[22m[2m Γöé gzip:  1.45 kB[22m
[2mdist/[22m[36massets/Events-04078761.js         [39m[1m[2m  4.27 kB[22m[1m[22m[2m Γöé gzip:  1.66 kB[22m
[2mdist/[22m[36massets/Login-fcf76ad8.js          [39m[1m[2m  4.81 kB[22m[1m[22m[2m Γöé gzip:  2.00 kB[22m
[2mdist/[22m[36massets/Directory-4f11434c.js      [39m[1m[2m  4.93 kB[22m[1m[22m[2m Γöé gzip:  1.82 kB[22m
[2mdist/[22m[36massets/EventDetail-9d9b56bc.js    [39m[1m[2m  5.51 kB[22m[1m[22m[2m Γöé gzip:  1.78 kB[22m
[2mdist/[22m[36massets/Signup-85aea1a7.js         [39m[1m[2m  5.63 kB[22m[1m[22m[2m Γöé gzip:  2.15 kB[22m
[2mdist/[22m[36massets/AboutUs-b88b2717.js        [39m[1m[2m  6.79 kB[22m[1m[22m[2m Γöé gzip:  3.76 kB[22m
[2mdist/[22m[36massets/NewsDetail-30134f1d.js     [39m[1m[2m  6.92 kB[22m[1m[22m[2m Γöé gzip:  2.29 kB[22m
[2mdist/[22m[36massets/useChat-9ff07209.js        [39m[1m[2m  8.40 kB[22m[1m[22m[2m Γöé gzip:  2.23 kB[22m
[2mdist/[22m[36massets/Index-f812c4d1.js          [39m[1m[2m 14.40 kB[22m[1m[22m[2m Γöé gzip:  4.12 kB[22m
[2mdist/[22m[36massets/Chat-d8a7f5cd.js           [39m[1m[2m 15.08 kB[22m[1m[22m[2m Γöé gzip:  4.49 kB[22m
[2mdist/[22m[36massets/Matrimony-25275bda.js      [39m[1m[2m 16.53 kB[22m[1m[22m[2m Γöé gzip:  4.64 kB[22m
[2mdist/[22m[36massets/useMatrimony-989d0a8c.js   [39m[1m[2m 25.68 kB[22m[1m[22m[2m Γöé gzip:  8.64 kB[22m
[2mdist/[22m[36massets/Jobs-464c58fb.js           [39m[1m[2m 34.46 kB[22m[1m[22m[2m Γöé gzip: 12.25 kB[22m
[2mdist/[22m[36massets/ui-9f0dc75a.js             [39m[1m[2m 45.50 kB[22m[1m[22m[2m Γöé gzip: 15.14 kB[22m
[2mdist/[22m[36massets/types-aa5cbb99.js          [39m[1m[2m 53.38 kB[22m[1m[22m[2m Γöé gzip: 12.17 kB[22m
[2mdist/[22m[36massets/Layout-9c51f97c.js         [39m[1m[2m 67.81 kB[22m[1m[22m[2m Γöé gzip: 18.97 kB[22m
[2mdist/[22m[36massets/Admin-825b6dd3.js          [39m[1m[2m 83.22 kB[22m[1m[22m[2m Γöé gzip: 15.61 kB[22m
[2mdist/[22m[36massets/utils-0c19c34f.js          [39m[1m[2m138.77 kB[22m[1m[22m[2m Γöé gzip: 44.97 kB[22m
[2mdist/[22m[36massets/vendor-71bbb2d2.js         [39m[1m[2m141.30 kB[22m[1m[22m[2m Γöé gzip: 45.44 kB[22m
[2mdist/[22m[36massets/supabase-ab6e543e.js       [39m[1m[2m170.55 kB[22m[1m[22m[2m Γöé gzip: 43.98 kB[22m
[2mdist/[22m[36massets/index-e2c0c24a.js          [39m[1m[2m236.74 kB[22m[1m[22m[2m Γöé gzip: 77.79 kB[22m
[32mΓ£ô built in 8.65s[39m
